           title  average_rating
AFFAIR PREJUDICE             5.0
     AFRICAN EGG             2.0
ACADEMY DINOSAUR             2.5