             title                                                                                                         description  release_year age_rating  length    name
     ALABAMA DEVIL A Thoughtful Panorama of a Database Administrator And a Mad Scientist who must Outgun a Mad Scientist in A Jet Boat          2006      PG-13     114 English
  ALADDIN CALENDAR                           A Action-Packed Tale of a Man And a Lumberjack who must Reach a Feminist in Ancient China          2006      NC-17      63 English
   ALAMO VIDEOTAPE                           A Boring Epistle of a Butler And a Cat who must Fight a Pastry Chef in A MySQL Convention          2006          G     126 English
    ALASKA PHANTOM                                  A Fanciful Saga of a Hunter And a Pastry Chef who must Vanquish a Boy in Australia          2006         PG     136 English
GALAXY SWEETHEARTS                              A Emotional Reflection of a Womanizer And a Pioneer who must Face a Squirrel in Berlin          2006          R     128 English
    HANOVER GALAXY                     A Stunning Reflection of a Girl And a Secret Agent who must Succumb a Boy in A MySQL Convention          2006      NC-17      47 English
    IMPACT ALADDIN                  A Epic Character Study of a Frisbee And a Moose who must Outgun a Technical Writer in A Shark Tank          2006      PG-13     180 English
       PRIDE ALAMO            A Thoughtful Drama of a A Shark And a Forensic Psychologist who must Vanquish a Student in Ancient India          2006      NC-17     114 English
     SCALAWAG DUCK                             A Fateful Reflection of a Car And a Teacher who must Confront a Waitress in A Monastery          2006      NC-17     183 English