 film_id            title                                                                                      description  release_year  language_id  length age_rating language
       1 ACADEMY DINOSAUR A Epic Drama of a Feminist And a Mad Scientist who must Battle a Teacher in The Canadian Rockies          2006            1      86         PG  English
